Z:\code_depart\ucII-platform\implementation\system.ngc 1380306075
Z:/code_depart/ucII-platform/implementation/xps_timer_0_wrapper.ngc 1380305459
Z:/code_depart/ucII-platform/implementation/xps_intc_0_wrapper.ngc 1380305920
Z:/code_depart/ucII-platform/implementation/proc_sys_reset_0_wrapper.ngc 1380305480
Z:/code_depart/ucII-platform/implementation/microblaze_0_wrapper.ngc 1380305923
Z:/code_depart/ucII-platform/implementation/mdm_0_wrapper.ngc 1380305778
Z:/code_depart/ucII-platform/implementation/mb_plb_wrapper.ngc 1380305794
Z:/code_depart/ucII-platform/implementation/lmb_bram_1_wrapper.ngc 1380305806
Z:/code_depart/ucII-platform/implementation/lmb_bram_0_wrapper.ngc 1380305833
Z:/code_depart/ucII-platform/implementation/ilmb_cntlr_1_wrapper.ngc 1380305838
Z:/code_depart/ucII-platform/implementation/ilmb_cntlr_0_wrapper.ngc 1380305843
Z:/code_depart/ucII-platform/implementation/ilmb_wrapper.ngc 1380305926
Z:/code_depart/ucII-platform/implementation/dlmb_cntlr_1_wrapper.ngc 1380305852
Z:/code_depart/ucII-platform/implementation/dlmb_cntlr_0_wrapper.ngc 1380305857
Z:/code_depart/ucII-platform/implementation/dlmb_wrapper.ngc 1380305929
Z:/code_depart/ucII-platform/implementation/clock_generator_0_wrapper.ngc 1380305931
Z:/code_depart/ucII-platform/implementation/rs232_uart_0_wrapper.ngc 1380305883
Z:/code_depart/ucII-platform/implementation/leds_8bit_wrapper.ngc 1380305895
Z:/code_depart/ucII-platform/implementation/dip_switches_8bit_wrapper.ngc 1380305907
Z:/code_depart/ucII-platform/implementation/fit_timer_0_wrapper.ngc 1380305912
Z:/code_depart/ucII-platform/implementation/fit_timer_1_wrapper.ngc 1380305916
OK
